   0.00000
 111.33503
 285.78790
 539.90226
 642.10856
 462.55150
 200.45594
 -62.99380
-323.49807
-445.28487
-618.41261
-499.27403
-250.45494
  47.29529
 276.96115
 518.81278
 640.79273
 310.92538
  76.94034
 -99.96139
-300.97761
-507.38150
-637.56734
-271.58187
  35.60090
 283.51425
 419.79038
 569.90440
 636.35084
 622.17682
 338.69006
 173.03518
  54.61505
 -36.95084
-144.19368
-203.95988
-264.44669
-322.03128
-379.24513
-438.82058
-484.76977
-557.81551
-604.34859
-624.41752
-625.95268
-621.19025
-431.67509
-282.00289
-122.48590
   8.28399
  98.22297
 179.09399
 257.41006
 336.79801
 380.24718
 453.09351
 535.89082
 609.16374
 553.65271
 341.02236
  98.59335
 -51.13022
-121.17618
-199.98884
-275.35067
-333.39858
-407.21295
-509.68356
-593.34579
-364.65294
-201.71539
 -34.92268
  77.16286
 165.27591
 249.95739
 313.87689
 368.74658
 431.06382
 503.11551
 595.52850
 604.14109
 606.65079
 528.77344
 360.73359
 244.55842
  94.97247
 -33.97266
-139.42736
-215.51106
-277.43649
-324.16816
-380.46529
-455.46993
-517.70660
-574.78797
-584.54395
-585.93894
-582.75233
-447.43786
-279.40402
 -51.17583
  82.63118
 167.12611
 237.15174
 281.86210
 328.50476
 398.45336
 477.40480
 560.29322
 523.82106
 355.70252
 124.25643
 -30.30998
-140.56408
-219.35231
-298.60432
-394.08092
-477.76911
-553.75771
-490.35705
-322.29878
 -94.26999
  14.90791
  97.66330
 177.03984
 255.06474
 304.10492
 356.61242
 422.62350
 531.25862
 551.47295
 555.05946
 374.98716
 156.24764
  19.69409
-101.23294
-250.47179
-326.83174
-403.08789
-491.73683
-529.51205
-535.46179
-340.00828
-154.06883
 -22.51567
  64.67561
 176.54130
 260.16353
 325.89576
 403.40214
 504.91812
 422.27212
 229.35623
 113.80877
 -25.10170
-116.97280
-207.93917
-244.62902
-306.31526
-378.90945
-492.55269
-501.18172
-289.92782
-113.95344
 -13.16582